// Jest Snapshot v1, https://goo.gl/fbAQLP

exports[`RefundComponent should render the component correctly 1`] = `
<test-payment-refund-success>
  <payment-refund-success>
    <div
      class="content"
    >
      <h1>
        Your payment has been refunded
      </h1>
      <p>
        Go to checkout to start again
      </p>
      <div
        class="row"
      >
        <button
          class="mat-raised-button mat-button-base mat-primary"
          color="primary"
          mat-raised-button=""
          ng-reflect-color="primary"
          ng-reflect-router-link="home"
          routerlink="home"
          tabindex="0"
          type="button"
        >
          <span
            class="mat-button-wrapper"
          >
            Go to home
          </span>
          <div
            class="mat-button-ripple mat-ripple"
            matripple=""
            ng-reflect-centered="false"
            ng-reflect-disabled="false"
            ng-reflect-trigger="[object HTMLButtonElement]"
          />
          <div
            class="mat-button-focus-overlay"
          />
        </button>
      </div>
    </div>
  </payment-refund-success>
</test-payment-refund-success>
`;
